../Core/Src/main.c:95:6:microDelay	16	static
../Core/Src/main.c:101:9:DHT22_Start	32	static
../Core/Src/main.c:132:9:DHT22_Read	16	static
../Core/Src/main.c:158:9:DHT_Temp	16	static
../Core/Src/main.c:188:6:UART_SendTemp	16	static
../Core/Src/main.c:209:5:main	16	static
../Core/Src/main.c:274:6:vBuzzerTask	16	static
../Core/Src/main.c:283:6:vUARTTask	16	static
../Core/Src/main.c:301:6:vDHTTask	16	static
../Core/Src/main.c:332:6:SystemClock_Config	72	static
../Core/Src/main.c:372:13:MX_I2C1_Init	8	static
../Core/Src/main.c:406:13:MX_TIM1_Init	32	static
../Core/Src/main.c:452:13:MX_TIM2_Init	32	static
../Core/Src/main.c:497:13:MX_USART1_UART_Init	8	static
../Core/Src/main.c:524:13:MX_USART2_UART_Init	8	static
../Core/Src/main.c:562:13:MX_GPIO_Init	40	static
../Core/Src/main.c:612:6:HAL_GPIO_EXTI_Callback	24	static
../Core/Src/main.c:864:6:StartDefaultTask	16	static
../Core/Src/main.c:883:6:HAL_TIM_PeriodElapsedCallback	16	static
../Core/Src/main.c:900:6:Error_Handler	4	static,ignoring_inline_asm
